Initializing Brain for Conversation Training...
Loading Stage 2 Math components from /Users/pranay./Documents/THEBRAIN/brain2/checkpoints/stage2_math...
Ep  1000 | Query: truck isa ? (A: vehicle) | Ops: ['BIND_QUERY'] | Reward: +1.00 | Avg100: +0.9200 | 0.1s
Ep  2000 | Query: pepper isa ? (A: vegetable) | Ops: ['BIND_QUERY'] | Reward: +1.00 | Avg100: +0.8800 | 0.2s
Ep  3000 | Query: boat isa ? (A: vehicle) | Ops: ['BIND_QUERY', 'COMPARE', 'HALT'] | Reward: +1.00 | Avg100: +0.8400 | 0.3s
Ep  4000 | Query: strawberry has ? (A: seeds) | Ops: ['BIND_QUERY', 'BIND_ISA', 'READ', 'WRITE', 'BIND_QUERY'] | Reward: +1.00 | Avg100: +0.8200 | 0.3s
Ep  5000 | Query: tomato has ? (A: vitamins) | Ops: ['BIND_QUERY', 'BIND_ISA', 'READ', 'WRITE', 'BIND_QUERY'] | Reward: +1.00 | Avg100: +0.7600 | 0.4s
Ep  6000 | Query: frog has ? (A: dna) | Ops: ['BIND_QUERY', 'BIND_ISA', 'READ', 'WRITE', 'BIND_QUERY'] | Reward: +1.00 | Avg100: +0.7600 | 0.5s
Ep  7000 | Query: broccoli isa ? (A: vegetable) | Ops: ['BIND_QUERY'] | Reward: +1.00 | Avg100: +0.6200 | 0.6s
Ep  8000 | Query: nurse isa ? (A: profession) | Ops: ['BIND_QUERY', 'BIND_QUERY', 'BIND_QUERY', 'BIND_QUERY', 'BIND_QUERY', 'BIND_QUERY'] | Reward: -1.00 | Avg100: +0.6000 | 0.7s
Ep  9000 | Query: submarine has ? (A: wheels) | Ops: ['BIND_QUERY', 'BIND_ISA', 'READ', 'WRITE', 'BIND_QUERY'] | Reward: +1.00 | Avg100: +0.6800 | 0.8s
Ep 10000 | Query: bookshelf has ? (A: legs) | Ops: ['BIND_QUERY', 'BIND_ISA', 'READ', 'WRITE', 'BIND_QUERY'] | Reward: +1.00 | Avg100: +0.5800 | 0.9s
Ep 11000 | Query: spinach has ? (A: vitamins) | Ops: ['BIND_QUERY', 'BIND_ISA', 'READ', 'WRITE', 'BIND_QUERY'] | Reward: +1.00 | Avg100: +0.7000 | 0.9s
Ep 12000 | Query: whale has ? (A: dna) | Ops: ['BIND_QUERY', 'BIND_ISA', 'READ', 'WRITE', 'BIND_QUERY'] | Reward: +1.00 | Avg100: +0.4400 | 1.0s
Ep 13000 | Query: grape isa ? (A: fruit) | Ops: ['STORE_OBJ', 'STORE_OBJ', 'STORE_OBJ', 'STORE_OBJ', 'STORE_OBJ', 'STORE_OBJ'] | Reward: -1.00 | Avg100: +0.6000 | 1.1s
Ep 14000 | Query: bus has ? (A: wheels) | Ops: ['BIND_QUERY', 'BIND_ISA', 'READ', 'WRITE', 'BIND_QUERY'] | Reward: +1.00 | Avg100: +0.3600 | 1.2s
Ep 15000 | Query: motorcycle has ? (A: wheels) | Ops: ['BIND_QUERY', 'BIND_ISA', 'READ', 'WRITE', 'BIND_QUERY'] | Reward: +1.00 | Avg100: +0.4800 | 1.3s
Ep 16000 | Query: tiger has ? (A: dna) | Ops: ['BIND_QUERY'] | Reward: +1.00 | Avg100: +0.5000 | 1.4s
Ep 17000 | Query: chair has ? (A: legs) | Ops: ['BIND_QUERY', 'BIND_QUERY', 'BIND_QUERY', 'BIND_QUERY', 'BIND_QUERY', 'BIND_QUERY'] | Reward: -1.00 | Avg100: +0.4600 | 1.5s
Ep 18000 | Query: tiger isa ? (A: animal) | Ops: ['HALT'] | Reward: -1.00 | Avg100: +0.4200 | 1.5s
Ep 19000 | Query: actor isa ? (A: profession) | Ops: ['HALT'] | Reward: -1.00 | Avg100: +0.2400 | 1.6s
Ep 20000 | Query: lion isa ? (A: animal) | Ops: ['BIND_QUERY'] | Reward: +1.00 | Avg100: +0.4200 | 1.7s
Ep 21000 | Query: watermelon isa ? (A: fruit) | Ops: ['BIND_QUERY', 'COMPARE', 'HALT'] | Reward: +1.00 | Avg100: +0.3600 | 1.8s
Ep 22000 | Query: dog has ? (A: dna) | Ops: ['BIND_QUERY', 'READ', 'READ', 'READ', 'READ', 'READ'] | Reward: -1.00 | Avg100: +0.1600 | 1.9s
Ep 23000 | Query: musician isa ? (A: profession) | Ops: ['BIND_QUERY', 'COMPARE', 'HALT'] | Reward: +1.00 | Avg100: +0.1400 | 2.0s
Ep 24000 | Query: dog isa ? (A: animal) | Ops: ['BIND_QUERY', 'COMPARE', 'HALT'] | Reward: +1.00 | Avg100: +0.1000 | 2.1s
Ep 25000 | Query: desk has ? (A: legs) | Ops: ['BIND_QUERY', 'BIND_ISA', 'READ', 'WRITE', 'BIND_QUERY'] | Reward: +1.00 | Avg100: +0.1000 | 2.1s
Ep 26000 | Query: apple has ? (A: seeds) | Ops: ['BIND_QUERY', 'WRITE', 'BIND_QUERY', 'BIND_QUERY', 'BIND_QUERY', 'BIND_QUERY'] | Reward: -1.00 | Avg100: +0.1800 | 2.2s
Ep 27000 | Query: bus has ? (A: wheels) | Ops: ['BIND_QUERY', 'BIND_ISA', 'READ', 'WRITE', 'BIND_QUERY'] | Reward: +1.00 | Avg100: +0.1800 | 2.3s
Ep 28000 | Query: pineapple isa ? (A: fruit) | Ops: ['BIND_QUERY'] | Reward: +1.00 | Avg100: +0.0400 | 2.4s
Ep 29000 | Query: chair has ? (A: legs) | Ops: ['BIND_QUERY', 'BIND_QUERY', 'BIND_QUERY', 'BIND_QUERY', 'BIND_QUERY', 'BIND_QUERY'] | Reward: -1.00 | Avg100: +0.0000 | 2.5s
Ep 30000 | Query: bus isa ? (A: vehicle) | Ops: ['BIND_QUERY'] | Reward: +1.00 | Avg100: +0.0200 | 2.6s
Ep 31000 | Query: snake isa ? (A: animal) | Ops: ['HALT'] | Reward: -1.00 | Avg100: -0.0400 | 2.7s
Ep 32000 | Query: writer isa ? (A: profession) | Ops: ['COMPARE', 'COMPARE', 'COMPARE', 'COMPARE', 'COMPARE', 'COMPARE'] | Reward: -1.00 | Avg100: -0.4200 | 2.8s
Ep 33000 | Query: airplane isa ? (A: vehicle) | Ops: ['HALT'] | Reward: -1.00 | Avg100: -0.1000 | 2.8s
Ep 34000 | Query: furniture has ? (A: legs) | Ops: ['BIND_QUERY'] | Reward: +1.00 | Avg100: -0.1000 | 2.9s
Ep 35000 | Query: bicycle isa ? (A: vehicle) | Ops: ['HALT'] | Reward: -1.00 | Avg100: -0.0800 | 3.0s
Ep 36000 | Query: engineer has ? (A: salary) | Ops: ['BIND_QUERY', 'WRITE', 'WRITE', 'WRITE', 'WRITE', 'WRITE'] | Reward: -1.00 | Avg100: -0.2600 | 3.1s
Ep 37000 | Query: teacher isa ? (A: profession) | Ops: ['BIND_QUERY'] | Reward: +1.00 | Avg100: -0.2400 | 3.2s
Ep 38000 | Query: broccoli has ? (A: vitamins) | Ops: ['WRITE', 'BIND_QUERY', 'BIND_QUERY', 'BIND_QUERY', 'BIND_QUERY', 'BIND_QUERY'] | Reward: -1.00 | Avg100: -0.1600 | 3.3s
Ep 39000 | Query: ostrich isa ? (A: animal) | Ops: ['COMPARE', 'COMPARE', 'COMPARE', 'COMPARE', 'COMPARE', 'COMPARE'] | Reward: -1.00 | Avg100: -0.1000 | 3.3s
Ep 40000 | Query: banana isa ? (A: fruit) | Ops: ['BIND_QUERY'] | Reward: +1.00 | Avg100: -0.1600 | 3.4s
Ep 41000 | Query: chair isa ? (A: furniture) | Ops: ['BIND_QUERY'] | Reward: +1.00 | Avg100: -0.2600 | 3.5s
Ep 42000 | Query: potato isa ? (A: vegetable) | Ops: ['BIND_QUERY'] | Reward: +1.00 | Avg100: -0.3200 | 3.6s
Ep 43000 | Query: doctor has ? (A: salary) | Ops: ['BIND_QUERY', 'HALT'] | Reward: -1.00 | Avg100: -0.2600 | 3.7s
Ep 44000 | Query: couch has ? (A: legs) | Ops: ['BIND_QUERY'] | Reward: +1.00 | Avg100: -0.2200 | 3.7s
Ep 45000 | Query: penguin has ? (A: dna) | Ops: ['WRITE', 'WRITE', 'WRITE', 'WRITE', 'WRITE', 'WRITE'] | Reward: -1.00 | Avg100: -0.1800 | 3.8s
Ep 46000 | Query: couch isa ? (A: furniture) | Ops: ['COMPARE', 'COMPARE', 'COMPARE', 'COMPARE', 'COMPARE', 'COMPARE'] | Reward: -1.00 | Avg100: -0.0800 | 3.9s
Ep 47000 | Query: sofa has ? (A: legs) | Ops: ['BIND_QUERY', 'BIND_QUERY', 'BIND_QUERY', 'BIND_QUERY', 'BIND_QUERY', 'BIND_QUERY'] | Reward: -1.00 | Avg100: -0.1000 | 4.0s
Ep 48000 | Query: grape isa ? (A: fruit) | Ops: ['HALT'] | Reward: -1.00 | Avg100: -0.2000 | 4.1s
Ep 49000 | Query: bookshelf isa ? (A: furniture) | Ops: ['BIND_QUERY'] | Reward: +1.00 | Avg100: -0.3200 | 4.2s
Ep 50000 | Query: doctor isa ? (A: profession) | Ops: ['COMPARE', 'COMPARE', 'COMPARE', 'COMPARE', 'COMPARE', 'COMPARE'] | Reward: -1.00 | Avg100: -0.1000 | 4.3s

============================================================
Training Complete in 4.3s
Episodes: 50000
Final Avg Reward (last 100): -0.1000
Fully Solved Episodes: 29725 / 50000 (59.5%)
Saving fully integrated Brain to /Users/pranay./Documents/THEBRAIN/brain2/checkpoints/stage3_conversation...
Stage 3 Complete!
